/home/phong/miniconda3/envs/airace/lib/python3.10/site-packages/nerfstudio/field_components/activations.py:32: FutureWarning: `torch.cuda.amp.custom_fwd(args...)` is deprecated. Please use `torch.amp.custom_fwd(args..., device_type='cuda')` instead.
  @custom_fwd(cast_inputs=torch.float32)
/home/phong/miniconda3/envs/airace/lib/python3.10/site-packages/nerfstudio/field_components/activations.py:39: FutureWarning: `torch.cuda.amp.custom_bwd(args...)` is deprecated. Please use `torch.amp.custom_bwd(args..., device_type='cuda')` instead.
  def backward(ctx, g):
[10:41:31]  Be careful with '--eval-mode=all'. If using camera optimization, the cameras may    colmap_dataparser.py:236
           diverge in the current implementation, giving unpredictable results.                                         
[10:41:50]  Be careful with '--eval-mode=all'. If using camera optimization, the cameras may    colmap_dataparser.py:236
           diverge in the current implementation, giving unpredictable results.                                         
/home/phong/miniconda3/envs/airace/lib/python3.10/site-packages/torchmetrics/functional/image/lpips.py:332: FutureWarning: You are using `torch.load` with `weights_only=False` (the current default value), which uses the default pickle module implicitly. It is possible to construct malicious pickle data which will execute arbitrary code during unpickling (See https://github.com/pytorch/pytorch/blob/main/SECURITY.md#untrusted-models for more details). In a future release, the default value for `weights_only` will be flipped to `True`. This limits the functions that could be executed during unpickling. Arbitrary objects will no longer be allowed to be loaded via this mode unless they are explicitly allowlisted by the user via `torch.serialization.add_safe_globals`. We recommend you start setting `weights_only=True` for any use case where you don't have full control of the loaded file. Please open an issue on GitHub for any issues related to this experimental feature.
  self.load_state_dict(torch.load(model_path, map_location="cpu"), strict=False)
Loading latest checkpoint from load_dir
/home/phong/miniconda3/envs/airace/lib/python3.10/site-packages/nerfstudio/utils/eval_utils.py:62: FutureWarning: You are using `torch.load` with `weights_only=False` (the current default value), which uses the default pickle module implicitly. It is possible to construct malicious pickle data which will execute arbitrary code during unpickling (See https://github.com/pytorch/pytorch/blob/main/SECURITY.md#untrusted-models for more details). In a future release, the default value for `weights_only` will be flipped to `True`. This limits the functions that could be executed during unpickling. Arbitrary objects will no longer be allowed to be loaded via this mode unless they are explicitly allowlisted by the user via `torch.serialization.add_safe_globals`. We recommend you start setting `weights_only=True` for any use case where you don't have full control of the loaded file. Please open an issue on GitHub for any issues related to this experimental feature.
  loaded_state = torch.load(load_path, map_location="cpu")
✅ Done loading checkpoint from 
runs/round2/val_holdout/chair/train_staging_holdout/splatfacto/2026-07-19_094122/nerfstudio_models/step-000029999.ckpt
/home/phong/miniconda3/envs/airace/lib/python3.10/site-packages/torchvision/models/_utils.py:208: UserWarning: The parameter 'pretrained' is deprecated since 0.13 and may be removed in the future, please use 'weights' instead.
  warnings.warn(
/home/phong/miniconda3/envs/airace/lib/python3.10/site-packages/torchvision/models/_utils.py:223: UserWarning: Arguments other than a weight enum or `None` for 'weights' are deprecated since 0.13 and may be removed in the future. The current behavior is equivalent to passing `weights=VGG16_Weights.IMAGENET1K_V1`. You can also use `weights=VGG16_Weights.DEFAULT` to get the most up-to-date weights.
  warnings.warn(msg)
/home/phong/miniconda3/envs/airace/lib/python3.10/site-packages/lpips/lpips.py:107: FutureWarning: You are using `torch.load` with `weights_only=False` (the current default value), which uses the default pickle module implicitly. It is possible to construct malicious pickle data which will execute arbitrary code during unpickling (See https://github.com/pytorch/pytorch/blob/main/SECURITY.md#untrusted-models for more details). In a future release, the default value for `weights_only` will be flipped to `True`. This limits the functions that could be executed during unpickling. Arbitrary objects will no longer be allowed to be loaded via this mode unless they are explicitly allowlisted by the user via `torch.serialization.add_safe_globals`. We recommend you start setting `weights_only=True` for any use case where you don't have full control of the loaded file. Please open an issue on GitHub for any issues related to this experimental feature.
  self.load_state_dict(torch.load(model_path, map_location='cpu'), strict=False)
  chair: pair-select=strat n=90 kept varLap [33..5643] median 759 | pool [33..5790] median 768
chair: 90 training pairs ready (0 new)
Setting up [LPIPS] perceptual loss: trunk [vgg], v[0.1], spatial [off]
Loading model from: /home/phong/miniconda3/envs/airace/lib/python3.10/site-packages/lpips/weights/v0.1/vgg.pth
  it 250: train_loss 0.1787  val_loss 0.2623
  it 500: train_loss 0.1537  val_loss 0.2026
  it 750: train_loss 0.1164  val_loss 0.1747
  it 1000: train_loss 0.1077  val_loss 0.1582
  it 1250: train_loss 0.1170  val_loss 0.1466
  it 1500: train_loss 0.1286  val_loss 0.1387
  it 1750: train_loss 0.1055  val_loss 0.1337
  it 2000: train_loss 0.0976  val_loss 0.1306
  it 2250: train_loss 0.2167  val_loss 0.1285
  it 2500: train_loss 0.1134  val_loss 0.1271
  it 2750: train_loss 0.1271  val_loss 0.1263
  it 3000: train_loss 0.1485  val_loss 0.1258
  it 3250: train_loss 0.1420  val_loss 0.1254
  it 3500: train_loss 0.1202  val_loss 0.1250
  it 3750: train_loss 0.1418  val_loss 0.1247
  it 4000: train_loss 0.3083  val_loss 0.1244
  it 4250: train_loss 0.1606  val_loss 0.1242
  it 4500: train_loss 0.1511  val_loss 0.1239
  it 4750: train_loss 0.1512  val_loss 0.1238
  it 5000: train_loss 0.1165  val_loss 0.1237
  it 5250: train_loss 0.2361  val_loss 0.1236
  it 5500: train_loss 0.0989  val_loss 0.1235
  it 5750: train_loss 0.1527  val_loss 0.1234
  it 6000: train_loss 0.2395  val_loss 0.1234
chair: best val_loss 0.1234 -> saved refiner_r5_strat090.pt
[10:54:57]  Be careful with '--eval-mode=all'. If using camera optimization, the cameras may    colmap_dataparser.py:236
           diverge in the current implementation, giving unpredictable results.                                         
[10:55:14]  Be careful with '--eval-mode=all'. If using camera optimization, the cameras may    colmap_dataparser.py:236
           diverge in the current implementation, giving unpredictable results.                                         
/home/phong/miniconda3/envs/airace/lib/python3.10/site-packages/torchmetrics/functional/image/lpips.py:332: FutureWarning: You are using `torch.load` with `weights_only=False` (the current default value), which uses the default pickle module implicitly. It is possible to construct malicious pickle data which will execute arbitrary code during unpickling (See https://github.com/pytorch/pytorch/blob/main/SECURITY.md#untrusted-models for more details). In a future release, the default value for `weights_only` will be flipped to `True`. This limits the functions that could be executed during unpickling. Arbitrary objects will no longer be allowed to be loaded via this mode unless they are explicitly allowlisted by the user via `torch.serialization.add_safe_globals`. We recommend you start setting `weights_only=True` for any use case where you don't have full control of the loaded file. Please open an issue on GitHub for any issues related to this experimental feature.
  self.load_state_dict(torch.load(model_path, map_location="cpu"), strict=False)
Loading latest checkpoint from load_dir
/home/phong/miniconda3/envs/airace/lib/python3.10/site-packages/nerfstudio/utils/eval_utils.py:62: FutureWarning: You are using `torch.load` with `weights_only=False` (the current default value), which uses the default pickle module implicitly. It is possible to construct malicious pickle data which will execute arbitrary code during unpickling (See https://github.com/pytorch/pytorch/blob/main/SECURITY.md#untrusted-models for more details). In a future release, the default value for `weights_only` will be flipped to `True`. This limits the functions that could be executed during unpickling. Arbitrary objects will no longer be allowed to be loaded via this mode unless they are explicitly allowlisted by the user via `torch.serialization.add_safe_globals`. We recommend you start setting `weights_only=True` for any use case where you don't have full control of the loaded file. Please open an issue on GitHub for any issues related to this experimental feature.
  loaded_state = torch.load(load_path, map_location="cpu")
✅ Done loading checkpoint from 
runs/round2/val_holdout/chair/train_staging_holdout/splatfacto/2026-07-19_094122/nerfstudio_models/step-000029999.ckpt
/home/phong/miniconda3/envs/airace/lib/python3.10/site-packages/torchvision/models/_utils.py:208: UserWarning: The parameter 'pretrained' is deprecated since 0.13 and may be removed in the future, please use 'weights' instead.
  warnings.warn(
/home/phong/miniconda3/envs/airace/lib/python3.10/site-packages/torchvision/models/_utils.py:223: UserWarning: Arguments other than a weight enum or `None` for 'weights' are deprecated since 0.13 and may be removed in the future. The current behavior is equivalent to passing `weights=VGG16_Weights.IMAGENET1K_V1`. You can also use `weights=VGG16_Weights.DEFAULT` to get the most up-to-date weights.
  warnings.warn(msg)
/home/phong/miniconda3/envs/airace/lib/python3.10/site-packages/lpips/lpips.py:107: FutureWarning: You are using `torch.load` with `weights_only=False` (the current default value), which uses the default pickle module implicitly. It is possible to construct malicious pickle data which will execute arbitrary code during unpickling (See https://github.com/pytorch/pytorch/blob/main/SECURITY.md#untrusted-models for more details). In a future release, the default value for `weights_only` will be flipped to `True`. This limits the functions that could be executed during unpickling. Arbitrary objects will no longer be allowed to be loaded via this mode unless they are explicitly allowlisted by the user via `torch.serialization.add_safe_globals`. We recommend you start setting `weights_only=True` for any use case where you don't have full control of the loaded file. Please open an issue on GitHub for any issues related to this experimental feature.
  self.load_state_dict(torch.load(model_path, map_location='cpu'), strict=False)
Setting up [LPIPS] perceptual loss: trunk [vgg], v[0.1], spatial [off]
Loading model from: /home/phong/miniconda3/envs/airace/lib/python3.10/site-packages/lpips/weights/v0.1/vgg.pth

chair VAL_r5_strat090: PSNR=24.027 SSIM=0.7793 LPIPS=0.2795 Score=0.6662  (n=25)
