/home/phong/miniconda3/envs/airace/lib/python3.10/site-packages/nerfstudio/field_components/activations.py:32: FutureWarning: `torch.cuda.amp.custom_fwd(args...)` is deprecated. Please use `torch.amp.custom_fwd(args..., device_type='cuda')` instead.
  @custom_fwd(cast_inputs=torch.float32)
/home/phong/miniconda3/envs/airace/lib/python3.10/site-packages/nerfstudio/field_components/activations.py:39: FutureWarning: `torch.cuda.amp.custom_bwd(args...)` is deprecated. Please use `torch.amp.custom_bwd(args..., device_type='cuda')` instead.
  def backward(ctx, g):
[13:30:37]  Be careful with '--eval-mode=all'. If using camera optimization, the cameras may    colmap_dataparser.py:236
           diverge in the current implementation, giving unpredictable results.                                         
[13:30:57]  Be careful with '--eval-mode=all'. If using camera optimization, the cameras may    colmap_dataparser.py:236
           diverge in the current implementation, giving unpredictable results.                                         
/home/phong/miniconda3/envs/airace/lib/python3.10/site-packages/torchmetrics/functional/image/lpips.py:332: FutureWarning: You are using `torch.load` with `weights_only=False` (the current default value), which uses the default pickle module implicitly. It is possible to construct malicious pickle data which will execute arbitrary code during unpickling (See https://github.com/pytorch/pytorch/blob/main/SECURITY.md#untrusted-models for more details). In a future release, the default value for `weights_only` will be flipped to `True`. This limits the functions that could be executed during unpickling. Arbitrary objects will no longer be allowed to be loaded via this mode unless they are explicitly allowlisted by the user via `torch.serialization.add_safe_globals`. We recommend you start setting `weights_only=True` for any use case where you don't have full control of the loaded file. Please open an issue on GitHub for any issues related to this experimental feature.
  self.load_state_dict(torch.load(model_path, map_location="cpu"), strict=False)
Loading latest checkpoint from load_dir
/home/phong/miniconda3/envs/airace/lib/python3.10/site-packages/nerfstudio/utils/eval_utils.py:62: FutureWarning: You are using `torch.load` with `weights_only=False` (the current default value), which uses the default pickle module implicitly. It is possible to construct malicious pickle data which will execute arbitrary code during unpickling (See https://github.com/pytorch/pytorch/blob/main/SECURITY.md#untrusted-models for more details). In a future release, the default value for `weights_only` will be flipped to `True`. This limits the functions that could be executed during unpickling. Arbitrary objects will no longer be allowed to be loaded via this mode unless they are explicitly allowlisted by the user via `torch.serialization.add_safe_globals`. We recommend you start setting `weights_only=True` for any use case where you don't have full control of the loaded file. Please open an issue on GitHub for any issues related to this experimental feature.
  loaded_state = torch.load(load_path, map_location="cpu")
✅ Done loading checkpoint from 
runs/round2/val_holdout/bonsai/train_staging_holdout/splatfacto/2026-07-18_003922/nerfstudio_models/step-000029999.ckpt
/home/phong/miniconda3/envs/airace/lib/python3.10/site-packages/torchvision/models/_utils.py:208: UserWarning: The parameter 'pretrained' is deprecated since 0.13 and may be removed in the future, please use 'weights' instead.
  warnings.warn(
/home/phong/miniconda3/envs/airace/lib/python3.10/site-packages/torchvision/models/_utils.py:223: UserWarning: Arguments other than a weight enum or `None` for 'weights' are deprecated since 0.13 and may be removed in the future. The current behavior is equivalent to passing `weights=VGG16_Weights.IMAGENET1K_V1`. You can also use `weights=VGG16_Weights.DEFAULT` to get the most up-to-date weights.
  warnings.warn(msg)
/home/phong/miniconda3/envs/airace/lib/python3.10/site-packages/lpips/lpips.py:107: FutureWarning: You are using `torch.load` with `weights_only=False` (the current default value), which uses the default pickle module implicitly. It is possible to construct malicious pickle data which will execute arbitrary code during unpickling (See https://github.com/pytorch/pytorch/blob/main/SECURITY.md#untrusted-models for more details). In a future release, the default value for `weights_only` will be flipped to `True`. This limits the functions that could be executed during unpickling. Arbitrary objects will no longer be allowed to be loaded via this mode unless they are explicitly allowlisted by the user via `torch.serialization.add_safe_globals`. We recommend you start setting `weights_only=True` for any use case where you don't have full control of the loaded file. Please open an issue on GitHub for any issues related to this experimental feature.
  self.load_state_dict(torch.load(model_path, map_location='cpu'), strict=False)
  bonsai: cached 20 pairs
  bonsai: cached 40 pairs
  bonsai: cached 60 pairs
  bonsai: cached 80 pairs
  bonsai: cached 100 pairs
bonsai: 100 training pairs ready (100 new)
  transcoded 85/85 pairs to memmap -> /home/phong/Viettel_AI_Race_2026/bts-nvs/Analysis/X5_refiner/bonsai/pairs_bb_ho_ro/_mm
  transcoded 15/15 pairs to memmap -> /home/phong/Viettel_AI_Race_2026/bts-nvs/Analysis/X5_refiner/bonsai/pairs_bb_ho_ro/_mm
Setting up [LPIPS] perceptual loss: trunk [vgg], v[0.1], spatial [off]
Loading model from: /home/phong/miniconda3/envs/airace/lib/python3.10/site-packages/lpips/weights/v0.1/vgg.pth
  it 250: train_loss 0.2184  val_loss 0.3236
  it 500: train_loss 0.1216  val_loss 0.2400
  it 750: train_loss 0.0810  val_loss 0.2090
  it 1000: train_loss 0.1429  val_loss 0.1956
  it 1250: train_loss 0.1028  val_loss 0.1883
  it 1500: train_loss 0.1843  val_loss 0.1823
  it 1750: train_loss 0.1605  val_loss 0.1767
  it 2000: train_loss 0.1263  val_loss 0.1704
  it 2250: train_loss 0.1171  val_loss 0.1647
  it 2500: train_loss 0.1034  val_loss 0.1603
  it 2750: train_loss 0.0833  val_loss 0.1564
  it 3000: train_loss 0.1746  val_loss 0.1536
  it 3250: train_loss 0.1248  val_loss 0.1514
  it 3500: train_loss 0.1274  val_loss 0.1498
  it 3750: train_loss 0.2401  val_loss 0.1487
  it 4000: train_loss 0.0810  val_loss 0.1479
  it 4250: train_loss 0.1256  val_loss 0.1472
  it 4500: train_loss 0.1499  val_loss 0.1468
  it 4750: train_loss 0.0794  val_loss 0.1465
  it 5000: train_loss 0.0877  val_loss 0.1462
  it 5250: train_loss 0.0754  val_loss 0.1459
  it 5500: train_loss 0.1112  val_loss 0.1457
  it 5750: train_loss 0.1015  val_loss 0.1454
  it 6000: train_loss 0.0847  val_loss 0.1452
bonsai: best val_loss 0.1452 -> saved refiner_g2sss.pt
[13:56:59]  Be careful with '--eval-mode=all'. If using camera optimization, the cameras may    colmap_dataparser.py:236
           diverge in the current implementation, giving unpredictable results.                                         
[13:57:47]  Be careful with '--eval-mode=all'. If using camera optimization, the cameras may    colmap_dataparser.py:236
           diverge in the current implementation, giving unpredictable results.                                         
/home/phong/miniconda3/envs/airace/lib/python3.10/site-packages/torchmetrics/functional/image/lpips.py:332: FutureWarning: You are using `torch.load` with `weights_only=False` (the current default value), which uses the default pickle module implicitly. It is possible to construct malicious pickle data which will execute arbitrary code during unpickling (See https://github.com/pytorch/pytorch/blob/main/SECURITY.md#untrusted-models for more details). In a future release, the default value for `weights_only` will be flipped to `True`. This limits the functions that could be executed during unpickling. Arbitrary objects will no longer be allowed to be loaded via this mode unless they are explicitly allowlisted by the user via `torch.serialization.add_safe_globals`. We recommend you start setting `weights_only=True` for any use case where you don't have full control of the loaded file. Please open an issue on GitHub for any issues related to this experimental feature.
  self.load_state_dict(torch.load(model_path, map_location="cpu"), strict=False)
Loading latest checkpoint from load_dir
/home/phong/miniconda3/envs/airace/lib/python3.10/site-packages/nerfstudio/utils/eval_utils.py:62: FutureWarning: You are using `torch.load` with `weights_only=False` (the current default value), which uses the default pickle module implicitly. It is possible to construct malicious pickle data which will execute arbitrary code during unpickling (See https://github.com/pytorch/pytorch/blob/main/SECURITY.md#untrusted-models for more details). In a future release, the default value for `weights_only` will be flipped to `True`. This limits the functions that could be executed during unpickling. Arbitrary objects will no longer be allowed to be loaded via this mode unless they are explicitly allowlisted by the user via `torch.serialization.add_safe_globals`. We recommend you start setting `weights_only=True` for any use case where you don't have full control of the loaded file. Please open an issue on GitHub for any issues related to this experimental feature.
  loaded_state = torch.load(load_path, map_location="cpu")
✅ Done loading checkpoint from 
runs/round2/val_holdout/bonsai/train_staging_holdout/splatfacto/2026-07-18_003922/nerfstudio_models/step-000029999.ckpt
/home/phong/miniconda3/envs/airace/lib/python3.10/site-packages/torchvision/models/_utils.py:208: UserWarning: The parameter 'pretrained' is deprecated since 0.13 and may be removed in the future, please use 'weights' instead.
  warnings.warn(
/home/phong/miniconda3/envs/airace/lib/python3.10/site-packages/torchvision/models/_utils.py:223: UserWarning: Arguments other than a weight enum or `None` for 'weights' are deprecated since 0.13 and may be removed in the future. The current behavior is equivalent to passing `weights=VGG16_Weights.IMAGENET1K_V1`. You can also use `weights=VGG16_Weights.DEFAULT` to get the most up-to-date weights.
  warnings.warn(msg)
/home/phong/miniconda3/envs/airace/lib/python3.10/site-packages/lpips/lpips.py:107: FutureWarning: You are using `torch.load` with `weights_only=False` (the current default value), which uses the default pickle module implicitly. It is possible to construct malicious pickle data which will execute arbitrary code during unpickling (See https://github.com/pytorch/pytorch/blob/main/SECURITY.md#untrusted-models for more details). In a future release, the default value for `weights_only` will be flipped to `True`. This limits the functions that could be executed during unpickling. Arbitrary objects will no longer be allowed to be loaded via this mode unless they are explicitly allowlisted by the user via `torch.serialization.add_safe_globals`. We recommend you start setting `weights_only=True` for any use case where you don't have full control of the loaded file. Please open an issue on GitHub for any issues related to this experimental feature.
  self.load_state_dict(torch.load(model_path, map_location='cpu'), strict=False)
Setting up [LPIPS] perceptual loss: trunk [vgg], v[0.1], spatial [off]
Loading model from: /home/phong/miniconda3/envs/airace/lib/python3.10/site-packages/lpips/weights/v0.1/vgg.pth

bonsai VAL_g2sss: PSNR=27.049 SSIM=0.8560 LPIPS=0.2813 Score=0.7066  (n=25)
